[0.008s] Invoking command in '/home/nam/mybot_navigation2/build/mybot_navigation2': CMAKE_PREFIX_PATH=${CMAKE_PREFIX_PATH}:/home/nam/robot_amr/install/mybot_navigation2_py:/home/nam/astra_ws/install/astra_multi_camera:/home/nam/rmf_ws/install/rmf_demos_tasks:/home/nam/rmf_ws/install/rmf_demos_panel:/home/nam/rmf_ws/install/rmf_demos_fleet_adapter:/home/nam/rmf_ws/install/rmf_demos_bridges:/home/nam/rmf_ws/install/rmf_building_map_tools:/opt/ros/humble /usr/bin/cmake /home/nam/mybot_navigation2 -DAMENT_CMAKE_SYMLINK_INSTALL=1 -DCMAKE_INSTALL_PREFIX=/home/nam/mybot_navigation2/install/mybot_navigation2
[0.051s] -- The C compiler identification is GNU 11.4.0
[0.088s] -- The CXX compiler identification is GNU 11.4.0
[0.092s] -- Detecting C compiler ABI info
[0.145s] -- Detecting C compiler ABI info - done
[0.149s] -- Check for working C compiler: /usr/bin/cc - skipped
[0.149s] -- Detecting C compile features
[0.150s] -- Detecting C compile features - done
[0.152s] -- Detecting CXX compiler ABI info
[0.217s] -- Detecting CXX compiler ABI info - done
[0.222s] -- Check for working CXX compiler: /usr/bin/c++ - skipped
[0.222s] -- Detecting CXX compile features
[0.222s] -- Detecting CXX compile features - done
[0.225s] -- Found ament_cmake: 1.3.14 (/opt/ros/humble/share/ament_cmake/cmake)
[0.355s] -- Found Python3: /usr/bin/python3 (found version "3.10.12") found components: Interpreter 
[0.410s] -- Override CMake install command with custom implementation using symlinks instead of copying resources
[0.485s] -- Configuring done
[0.486s] -- Generating done
[0.487s] -- Build files have been written to: /home/nam/mybot_navigation2/build/mybot_navigation2
[0.491s] Invoked command in '/home/nam/mybot_navigation2/build/mybot_navigation2' returned '0': CMAKE_PREFIX_PATH=${CMAKE_PREFIX_PATH}:/home/nam/robot_amr/install/mybot_navigation2_py:/home/nam/astra_ws/install/astra_multi_camera:/home/nam/rmf_ws/install/rmf_demos_tasks:/home/nam/rmf_ws/install/rmf_demos_panel:/home/nam/rmf_ws/install/rmf_demos_fleet_adapter:/home/nam/rmf_ws/install/rmf_demos_bridges:/home/nam/rmf_ws/install/rmf_building_map_tools:/opt/ros/humble /usr/bin/cmake /home/nam/mybot_navigation2 -DAMENT_CMAKE_SYMLINK_INSTALL=1 -DCMAKE_INSTALL_PREFIX=/home/nam/mybot_navigation2/install/mybot_navigation2
[0.492s] Invoking command in '/home/nam/mybot_navigation2/build/mybot_navigation2': CMAKE_PREFIX_PATH=${CMAKE_PREFIX_PATH}:/home/nam/robot_amr/install/mybot_navigation2_py:/home/nam/astra_ws/install/astra_multi_camera:/home/nam/rmf_ws/install/rmf_demos_tasks:/home/nam/rmf_ws/install/rmf_demos_panel:/home/nam/rmf_ws/install/rmf_demos_fleet_adapter:/home/nam/rmf_ws/install/rmf_demos_bridges:/home/nam/rmf_ws/install/rmf_building_map_tools:/opt/ros/humble /usr/bin/cmake --build /home/nam/mybot_navigation2/build/mybot_navigation2 -- -j12 -l12
[0.522s] Invoked command in '/home/nam/mybot_navigation2/build/mybot_navigation2' returned '0': CMAKE_PREFIX_PATH=${CMAKE_PREFIX_PATH}:/home/nam/robot_amr/install/mybot_navigation2_py:/home/nam/astra_ws/install/astra_multi_camera:/home/nam/rmf_ws/install/rmf_demos_tasks:/home/nam/rmf_ws/install/rmf_demos_panel:/home/nam/rmf_ws/install/rmf_demos_fleet_adapter:/home/nam/rmf_ws/install/rmf_demos_bridges:/home/nam/rmf_ws/install/rmf_building_map_tools:/opt/ros/humble /usr/bin/cmake --build /home/nam/mybot_navigation2/build/mybot_navigation2 -- -j12 -l12
[0.531s] Invoking command in '/home/nam/mybot_navigation2/build/mybot_navigation2': CMAKE_PREFIX_PATH=${CMAKE_PREFIX_PATH}:/home/nam/robot_amr/install/mybot_navigation2_py:/home/nam/astra_ws/install/astra_multi_camera:/home/nam/rmf_ws/install/rmf_demos_tasks:/home/nam/rmf_ws/install/rmf_demos_panel:/home/nam/rmf_ws/install/rmf_demos_fleet_adapter:/home/nam/rmf_ws/install/rmf_demos_bridges:/home/nam/rmf_ws/install/rmf_building_map_tools:/opt/ros/humble /usr/bin/cmake --install /home/nam/mybot_navigation2/build/mybot_navigation2
[0.538s] -- Install configuration: ""
[0.538s] -- Execute custom install script
[0.539s] -- Symlinking: /home/nam/mybot_navigation2/install/mybot_navigation2/share/mybot_navigation2/launch/Collision.launch.py
[0.546s] -- Symlinking: /home/nam/mybot_navigation2/install/mybot_navigation2/share/mybot_navigation2/launch/Lidar.launch.py
[0.554s] -- Symlinking: /home/nam/mybot_navigation2/install/mybot_navigation2/share/mybot_navigation2/launch/Veloc_smoother.launch.py
[0.560s] -- Symlinking: /home/nam/mybot_navigation2/install/mybot_navigation2/share/mybot_navigation2/launch/bringup.launch.py
[0.567s] -- Symlinking: /home/nam/mybot_navigation2/install/mybot_navigation2/share/mybot_navigation2/launch/depht.launch.py
[0.573s] -- Symlinking: /home/nam/mybot_navigation2/install/mybot_navigation2/share/mybot_navigation2/launch/ekf.launch.py
[0.578s] -- Symlinking: /home/nam/mybot_navigation2/install/mybot_navigation2/share/mybot_navigation2/launch/gen_navgraph.launch.py
[0.584s] -- Symlinking: /home/nam/mybot_navigation2/install/mybot_navigation2/share/mybot_navigation2/launch/launch_sim.launch.py
[0.592s] -- Symlinking: /home/nam/mybot_navigation2/install/mybot_navigation2/share/mybot_navigation2/launch/mapping.launch.py
[0.598s] -- Symlinking: /home/nam/mybot_navigation2/install/mybot_navigation2/share/mybot_navigation2/launch/navigation2.launch.py
[0.605s] -- Symlinking: /home/nam/mybot_navigation2/install/mybot_navigation2/share/mybot_navigation2/launch/rmf.launch.py
[0.611s] -- Symlinking: /home/nam/mybot_navigation2/install/mybot_navigation2/share/mybot_navigation2/launch/rsp.launch.py
[0.619s] -- Symlinking: /home/nam/mybot_navigation2/install/mybot_navigation2/share/mybot_navigation2/map/L1.building.yaml
[0.624s] -- Symlinking: /home/nam/mybot_navigation2/install/mybot_navigation2/share/mybot_navigation2/map/gen_navgraph_meters.py
[0.632s] -- Symlinking: /home/nam/mybot_navigation2/install/mybot_navigation2/share/mybot_navigation2/map/my_map.pgm
[0.637s] -- Symlinking: /home/nam/mybot_navigation2/install/mybot_navigation2/share/mybot_navigation2/map/my_map.png
[0.644s] -- Symlinking: /home/nam/mybot_navigation2/install/mybot_navigation2/share/mybot_navigation2/map/my_map.yaml
[0.651s] -- Symlinking: /home/nam/mybot_navigation2/install/mybot_navigation2/share/mybot_navigation2/map/nav_graphs/0.yaml
[0.657s] -- Symlinking: /home/nam/mybot_navigation2/install/mybot_navigation2/share/mybot_navigation2/param/Collision.yaml
[0.665s] -- Symlinking: /home/nam/mybot_navigation2/install/mybot_navigation2/share/mybot_navigation2/param/humble/burger2.yaml
[0.670s] -- Symlinking: /home/nam/mybot_navigation2/install/mybot_navigation2/share/mybot_navigation2/param/humble/burger3.yaml
[0.677s] -- Symlinking: /home/nam/mybot_navigation2/install/mybot_navigation2/share/mybot_navigation2/param/humble/mybot.yaml
[0.682s] -- Symlinking: /home/nam/mybot_navigation2/install/mybot_navigation2/share/mybot_navigation2/param/humble/mybot2.yaml
[0.690s] -- Symlinking: /home/nam/mybot_navigation2/install/mybot_navigation2/share/mybot_navigation2/param/humble/nav2_params.yaml
[0.695s] -- Symlinking: /home/nam/mybot_navigation2/install/mybot_navigation2/share/mybot_navigation2/param/mapper_params_online_ansync.yaml
[0.702s] -- Symlinking: /home/nam/mybot_navigation2/install/mybot_navigation2/share/mybot_navigation2/rviz/tb3_navigation2.rviz
[0.708s] -- Symlinking: /home/nam/mybot_navigation2/install/mybot_navigation2/share/mybot_navigation2/rviz/tb3_rmf.rviz
[0.715s] -- Symlinking: /home/nam/mybot_navigation2/install/mybot_navigation2/share/mybot_navigation2/description/camera.xacro
[0.720s] -- Symlinking: /home/nam/mybot_navigation2/install/mybot_navigation2/share/mybot_navigation2/description/depth_camera.xacro
[0.727s] -- Symlinking: /home/nam/mybot_navigation2/install/mybot_navigation2/share/mybot_navigation2/description/gazebo_control.xacro
[0.733s] -- Symlinking: /home/nam/mybot_navigation2/install/mybot_navigation2/share/mybot_navigation2/description/inertial_macros.xacro
[0.740s] -- Symlinking: /home/nam/mybot_navigation2/install/mybot_navigation2/share/mybot_navigation2/description/lidar.xacro
[0.747s] -- Symlinking: /home/nam/mybot_navigation2/install/mybot_navigation2/share/mybot_navigation2/description/robot.urdf.xacro
[0.754s] -- Symlinking: /home/nam/mybot_navigation2/install/mybot_navigation2/share/mybot_navigation2/description/robot_core.xacro
[0.760s] -- Symlinking: /home/nam/mybot_navigation2/install/mybot_navigation2/share/mybot_navigation2/config/fleet_config.yaml
[0.767s] -- Symlinking: /home/nam/mybot_navigation2/install/mybot_navigation2/share/mybot_navigation2/src/fleet_adapter.py
[0.773s] -- Symlinking: /home/nam/mybot_navigation2/install/mybot_navigation2/share/mybot_navigation2/src/send_patrol.py
[0.779s] -- Symlinking: /home/nam/mybot_navigation2/install/mybot_navigation2/share/ament_index/resource_index/package_run_dependencies/mybot_navigation2
[0.785s] -- Symlinking: /home/nam/mybot_navigation2/install/mybot_navigation2/share/ament_index/resource_index/parent_prefix_path/mybot_navigation2
[0.793s] -- Symlinking: /home/nam/mybot_navigation2/install/mybot_navigation2/share/mybot_navigation2/environment/ament_prefix_path.sh
[0.801s] -- Symlinking: /home/nam/mybot_navigation2/install/mybot_navigation2/share/mybot_navigation2/environment/ament_prefix_path.dsv
[0.806s] -- Symlinking: /home/nam/mybot_navigation2/install/mybot_navigation2/share/mybot_navigation2/environment/path.sh
[0.813s] -- Symlinking: /home/nam/mybot_navigation2/install/mybot_navigation2/share/mybot_navigation2/environment/path.dsv
[0.818s] -- Symlinking: /home/nam/mybot_navigation2/install/mybot_navigation2/share/mybot_navigation2/local_setup.bash
[0.826s] -- Symlinking: /home/nam/mybot_navigation2/install/mybot_navigation2/share/mybot_navigation2/local_setup.sh
[0.833s] -- Symlinking: /home/nam/mybot_navigation2/install/mybot_navigation2/share/mybot_navigation2/local_setup.zsh
[0.840s] -- Symlinking: /home/nam/mybot_navigation2/install/mybot_navigation2/share/mybot_navigation2/local_setup.dsv
[0.846s] -- Symlinking: /home/nam/mybot_navigation2/install/mybot_navigation2/share/mybot_navigation2/package.dsv
[0.853s] -- Symlinking: /home/nam/mybot_navigation2/install/mybot_navigation2/share/ament_index/resource_index/packages/mybot_navigation2
[0.860s] -- Symlinking: /home/nam/mybot_navigation2/install/mybot_navigation2/share/mybot_navigation2/cmake/mybot_navigation2Config.cmake
[0.867s] -- Symlinking: /home/nam/mybot_navigation2/install/mybot_navigation2/share/mybot_navigation2/cmake/mybot_navigation2Config-version.cmake
[0.873s] -- Symlinking: /home/nam/mybot_navigation2/install/mybot_navigation2/share/mybot_navigation2/package.xml
[0.881s] Invoked command in '/home/nam/mybot_navigation2/build/mybot_navigation2' returned '0': CMAKE_PREFIX_PATH=${CMAKE_PREFIX_PATH}:/home/nam/robot_amr/install/mybot_navigation2_py:/home/nam/astra_ws/install/astra_multi_camera:/home/nam/rmf_ws/install/rmf_demos_tasks:/home/nam/rmf_ws/install/rmf_demos_panel:/home/nam/rmf_ws/install/rmf_demos_fleet_adapter:/home/nam/rmf_ws/install/rmf_demos_bridges:/home/nam/rmf_ws/install/rmf_building_map_tools:/opt/ros/humble /usr/bin/cmake --install /home/nam/mybot_navigation2/build/mybot_navigation2
