[0.625s] Invoking command in '/home/nam/AMR_Simulation/build/mybot_nav2_web_control': PYTHONPATH=/home/nam/AMR_Simulation/build/mybot_nav2_web_control/prefix_override:/usr/lib/python3/dist-packages/colcon_core/task/python/colcon_distutils_commands:/home/nam/AMR_Simulation/install/mybot_nav2_web_control/lib/python3.10/site-packages:${PYTHONPATH} /usr/bin/python3 -W ignore:setup.py install is deprecated -W ignore:easy_install command is deprecated setup.py develop --editable --build-directory /home/nam/AMR_Simulation/build/mybot_nav2_web_control/build --no-deps symlink_data
[0.892s] running develop
[1.020s] running egg_info
[1.021s] creating mybot_nav2_web_control.egg-info
[1.021s] writing mybot_nav2_web_control.egg-info/PKG-INFO
[1.021s] writing dependency_links to mybot_nav2_web_control.egg-info/dependency_links.txt
[1.021s] writing entry points to mybot_nav2_web_control.egg-info/entry_points.txt
[1.021s] writing requirements to mybot_nav2_web_control.egg-info/requires.txt
[1.021s] writing top-level names to mybot_nav2_web_control.egg-info/top_level.txt
[1.021s] writing manifest file 'mybot_nav2_web_control.egg-info/SOURCES.txt'
[1.022s] reading manifest file 'mybot_nav2_web_control.egg-info/SOURCES.txt'
[1.023s] writing manifest file 'mybot_nav2_web_control.egg-info/SOURCES.txt'
[1.024s] running build_ext
[1.024s] Creating /home/nam/AMR_Simulation/install/mybot_nav2_web_control/lib/python3.10/site-packages/mybot-nav2-web-control.egg-link (link to .)
[1.025s] Installing Vav2_speed_control script to /home/nam/AMR_Simulation/install/mybot_nav2_web_control/lib/mybot_nav2_web_control
[1.025s] 
[1.025s] Installed /home/nam/AMR_Simulation/build/mybot_nav2_web_control
[1.025s] running symlink_data
[1.025s] creating /home/nam/AMR_Simulation/install/mybot_nav2_web_control/share/ament_index
[1.025s] creating /home/nam/AMR_Simulation/install/mybot_nav2_web_control/share/ament_index/resource_index
[1.025s] creating /home/nam/AMR_Simulation/install/mybot_nav2_web_control/share/ament_index/resource_index/packages
[1.025s] symbolically linking /home/nam/AMR_Simulation/build/mybot_nav2_web_control/resource/mybot_nav2_web_control -> /home/nam/AMR_Simulation/install/mybot_nav2_web_control/share/ament_index/resource_index/packages
[1.025s] symbolically linking /home/nam/AMR_Simulation/build/mybot_nav2_web_control/package.xml -> /home/nam/AMR_Simulation/install/mybot_nav2_web_control/share/mybot_nav2_web_control
[1.025s] creating /home/nam/AMR_Simulation/install/mybot_nav2_web_control/share/mybot_nav2_web_control/launch
[1.025s] symbolically linking /home/nam/AMR_Simulation/build/mybot_nav2_web_control/launch/Nav2_speed_control.launch.py -> /home/nam/AMR_Simulation/install/mybot_nav2_web_control/share/mybot_nav2_web_control/launch
[1.050s] Invoked command in '/home/nam/AMR_Simulation/build/mybot_nav2_web_control' returned '0': PYTHONPATH=/home/nam/AMR_Simulation/build/mybot_nav2_web_control/prefix_override:/usr/lib/python3/dist-packages/colcon_core/task/python/colcon_distutils_commands:/home/nam/AMR_Simulation/install/mybot_nav2_web_control/lib/python3.10/site-packages:${PYTHONPATH} /usr/bin/python3 -W ignore:setup.py install is deprecated -W ignore:easy_install command is deprecated setup.py develop --editable --build-directory /home/nam/AMR_Simulation/build/mybot_nav2_web_control/build --no-deps symlink_data
