[0.096s] DEBUG:colcon:Command line arguments: ['/usr/bin/colcon', 'build', '--symlink-install']
[0.096s] DEBUG:colcon:Parsed command line arguments: Namespace(log_base=None, log_level=None, verb_name='build', build_base='build', install_base='install', merge_install=False, symlink_install=True, test_result_base=None, continue_on_error=False, executor='parallel', parallel_workers=12, event_handlers=None, ignore_user_meta=False, metas=['./colcon.meta'], base_paths=['.'], packages_ignore=None, packages_ignore_regex=None, paths=None, packages_up_to=None, packages_up_to_regex=None, packages_above=None, packages_above_and_dependencies=None, packages_above_depth=None, packages_select_by_dep=None, packages_skip_by_dep=None, packages_skip_up_to=None, packages_select_build_failed=False, packages_skip_build_finished=False, packages_select_test_failures=False, packages_skip_test_passed=False, packages_select=None, packages_skip=None, packages_select_regex=None, packages_skip_regex=None, packages_start=None, packages_end=None, allow_overriding=[], cmake_args=None, cmake_target=None, cmake_target_skip_unavailable=False, cmake_clean_cache=False, cmake_clean_first=False, cmake_force_configure=False, ament_cmake_args=None, catkin_cmake_args=None, catkin_skip_building_tests=False, verb_parser=<colcon_defaults.argument_parser.defaults.DefaultArgumentsDecorator object at 0x754fa154f5e0>, verb_extension=<colcon_core.verb.build.BuildVerb object at 0x754fa1c28e80>, main=<bound method BuildVerb.main of <colcon_core.verb.build.BuildVerb object at 0x754fa1c28e80>>)
[0.202s] Level 1:colcon.colcon_core.package_discovery:discover_packages(colcon_meta) check parameters
[0.202s] Level 1:colcon.colcon_core.package_discovery:discover_packages(recursive) check parameters
[0.202s] Level 1:colcon.colcon_core.package_discovery:discover_packages(ignore) check parameters
[0.202s] Level 1:colcon.colcon_core.package_discovery:discover_packages(path) check parameters
[0.202s] Level 1:colcon.colcon_core.package_discovery:discover_packages(colcon_meta) discover
[0.202s] Level 1:colcon.colcon_core.package_discovery:discover_packages(recursive) discover
[0.202s] INFO:colcon.colcon_core.package_discovery:Crawling recursively for packages in '/home/nam/mybot_navigation2'
[0.202s] Level 1:colcon.colcon_core.package_identification:_identify(.) by extensions ['ignore', 'ignore_ament_install']
[0.202s] Level 1:colcon.colcon_core.package_identification:_identify(.) by extension 'ignore'
[0.202s] Level 1:colcon.colcon_core.package_identification:_identify(.) by extension 'ignore_ament_install'
[0.202s] Level 1:colcon.colcon_core.package_identification:_identify(.) by extensions ['colcon_pkg']
[0.202s] Level 1:colcon.colcon_core.package_identification:_identify(.) by extension 'colcon_pkg'
[0.202s] Level 1:colcon.colcon_core.package_identification:_identify(.) by extensions ['colcon_meta']
[0.202s] Level 1:colcon.colcon_core.package_identification:_identify(.) by extension 'colcon_meta'
[0.202s] Level 1:colcon.colcon_core.package_identification:_identify(.) by extensions ['ros']
[0.202s] Level 1:colcon.colcon_core.package_identification:_identify(.) by extension 'ros'
[0.220s] DEBUG:colcon.colcon_core.package_identification:Package '.' with type 'ros.ament_cmake' and name 'mybot_navigation2'
[0.220s] Level 1:colcon.colcon_core.package_discovery:discover_packages(recursive) using defaults
[0.220s] Level 1:colcon.colcon_core.package_discovery:discover_packages(ignore) discover
[0.220s] Level 1:colcon.colcon_core.package_discovery:discover_packages(ignore) using defaults
[0.220s] Level 1:colcon.colcon_core.package_discovery:discover_packages(path) discover
[0.220s] Level 1:colcon.colcon_core.package_discovery:discover_packages(path) using defaults
[0.253s] Level 1:colcon.colcon_core.package_discovery:discover_packages(prefix_path) check parameters
[0.254s] Level 1:colcon.colcon_core.package_discovery:discover_packages(prefix_path) discover
[0.254s] WARNING:colcon.colcon_core.prefix_path.colcon:The path '/home/nam/AMR_Simulation/install' in the environment variable COLCON_PREFIX_PATH doesn't exist
[0.254s] WARNING:colcon.colcon_ros.prefix_path.ament:The path '/home/nam/AMR_Simulation/install/mybot_navigation2' in the environment variable AMENT_PREFIX_PATH doesn't exist
[0.254s] WARNING:colcon.colcon_ros.prefix_path.catkin:The path '/home/nam/AMR_Simulation/install/mybot_navigation2' in the environment variable CMAKE_PREFIX_PATH doesn't exist
[0.255s] DEBUG:colcon.colcon_installed_package_information.package_discovery:Found 2 installed packages in /home/nam/robot_amr/install
[0.255s] DEBUG:colcon.colcon_installed_package_information.package_discovery:Found 14 installed packages in /home/nam/rmf_ws/install
[0.255s] DEBUG:colcon.colcon_installed_package_information.package_discovery:Found 3 installed packages in /home/nam/astra_ws/install
[0.256s] DEBUG:colcon.colcon_installed_package_information.package_discovery:Found 430 installed packages in /opt/ros/humble
[0.258s] Level 1:colcon.colcon_core.package_discovery:discover_packages(prefix_path) using defaults
[0.288s] Level 5:colcon.colcon_core.verb:set package 'mybot_navigation2' build argument 'cmake_args' from command line to 'None'
[0.288s] Level 5:colcon.colcon_core.verb:set package 'mybot_navigation2' build argument 'cmake_target' from command line to 'None'
[0.288s] Level 5:colcon.colcon_core.verb:set package 'mybot_navigation2' build argument 'cmake_target_skip_unavailable' from command line to 'False'
[0.288s] Level 5:colcon.colcon_core.verb:set package 'mybot_navigation2' build argument 'cmake_clean_cache' from command line to 'False'
[0.288s] Level 5:colcon.colcon_core.verb:set package 'mybot_navigation2' build argument 'cmake_clean_first' from command line to 'False'
[0.288s] Level 5:colcon.colcon_core.verb:set package 'mybot_navigation2' build argument 'cmake_force_configure' from command line to 'False'
[0.288s] Level 5:colcon.colcon_core.verb:set package 'mybot_navigation2' build argument 'ament_cmake_args' from command line to 'None'
[0.288s] Level 5:colcon.colcon_core.verb:set package 'mybot_navigation2' build argument 'catkin_cmake_args' from command line to 'None'
[0.288s] Level 5:colcon.colcon_core.verb:set package 'mybot_navigation2' build argument 'catkin_skip_building_tests' from command line to 'False'
[0.288s] DEBUG:colcon.colcon_core.verb:Building package 'mybot_navigation2' with the following arguments: {'ament_cmake_args': None, 'build_base': '/home/nam/mybot_navigation2/build/mybot_navigation2', 'catkin_cmake_args': None, 'catkin_skip_building_tests': False, 'cmake_args': None, 'cmake_clean_cache': False, 'cmake_clean_first': False, 'cmake_force_configure': False, 'cmake_target': None, 'cmake_target_skip_unavailable': False, 'install_base': '/home/nam/mybot_navigation2/install/mybot_navigation2', 'merge_install': False, 'path': '/home/nam/mybot_navigation2', 'symlink_install': True, 'test_result_base': None}
[0.288s] INFO:colcon.colcon_core.executor:Executing jobs using 'parallel' executor
[0.289s] DEBUG:colcon.colcon_parallel_executor.executor.parallel:run_until_complete
[0.289s] INFO:colcon.colcon_ros.task.ament_cmake.build:Building ROS package in '/home/nam/mybot_navigation2' with build type 'ament_cmake'
[0.290s] INFO:colcon.colcon_cmake.task.cmake.build:Building CMake package in '/home/nam/mybot_navigation2'
[0.291s] INFO:colcon.colcon_core.plugin_system:Skipping extension 'colcon_core.shell.bat': Not used on non-Windows systems
[0.291s] INFO:colcon.colcon_core.shell:Skip shell extension 'powershell' for command environment: Not usable outside of PowerShell
[0.291s] DEBUG:colcon.colcon_core.shell:Skip shell extension 'dsv' for command environment
[0.298s] DEBUG:colcon.colcon_core.event_handler.log_command:Invoking command in '/home/nam/mybot_navigation2/build/mybot_navigation2': CMAKE_PREFIX_PATH=${CMAKE_PREFIX_PATH}:/home/nam/robot_amr/install/mybot_navigation2_py:/home/nam/astra_ws/install/astra_multi_camera:/home/nam/rmf_ws/install/rmf_demos_tasks:/home/nam/rmf_ws/install/rmf_demos_panel:/home/nam/rmf_ws/install/rmf_demos_fleet_adapter:/home/nam/rmf_ws/install/rmf_demos_bridges:/home/nam/rmf_ws/install/rmf_building_map_tools:/opt/ros/humble /usr/bin/cmake /home/nam/mybot_navigation2 -DAMENT_CMAKE_SYMLINK_INSTALL=1 -DCMAKE_INSTALL_PREFIX=/home/nam/mybot_navigation2/install/mybot_navigation2
[0.781s] DEBUG:colcon.colcon_core.event_handler.log_command:Invoked command in '/home/nam/mybot_navigation2/build/mybot_navigation2' returned '0': CMAKE_PREFIX_PATH=${CMAKE_PREFIX_PATH}:/home/nam/robot_amr/install/mybot_navigation2_py:/home/nam/astra_ws/install/astra_multi_camera:/home/nam/rmf_ws/install/rmf_demos_tasks:/home/nam/rmf_ws/install/rmf_demos_panel:/home/nam/rmf_ws/install/rmf_demos_fleet_adapter:/home/nam/rmf_ws/install/rmf_demos_bridges:/home/nam/rmf_ws/install/rmf_building_map_tools:/opt/ros/humble /usr/bin/cmake /home/nam/mybot_navigation2 -DAMENT_CMAKE_SYMLINK_INSTALL=1 -DCMAKE_INSTALL_PREFIX=/home/nam/mybot_navigation2/install/mybot_navigation2
[0.782s] DEBUG:colcon.colcon_core.event_handler.log_command:Invoking command in '/home/nam/mybot_navigation2/build/mybot_navigation2': CMAKE_PREFIX_PATH=${CMAKE_PREFIX_PATH}:/home/nam/robot_amr/install/mybot_navigation2_py:/home/nam/astra_ws/install/astra_multi_camera:/home/nam/rmf_ws/install/rmf_demos_tasks:/home/nam/rmf_ws/install/rmf_demos_panel:/home/nam/rmf_ws/install/rmf_demos_fleet_adapter:/home/nam/rmf_ws/install/rmf_demos_bridges:/home/nam/rmf_ws/install/rmf_building_map_tools:/opt/ros/humble /usr/bin/cmake --build /home/nam/mybot_navigation2/build/mybot_navigation2 -- -j12 -l12
[0.812s] DEBUG:colcon.colcon_core.event_handler.log_command:Invoked command in '/home/nam/mybot_navigation2/build/mybot_navigation2' returned '0': CMAKE_PREFIX_PATH=${CMAKE_PREFIX_PATH}:/home/nam/robot_amr/install/mybot_navigation2_py:/home/nam/astra_ws/install/astra_multi_camera:/home/nam/rmf_ws/install/rmf_demos_tasks:/home/nam/rmf_ws/install/rmf_demos_panel:/home/nam/rmf_ws/install/rmf_demos_fleet_adapter:/home/nam/rmf_ws/install/rmf_demos_bridges:/home/nam/rmf_ws/install/rmf_building_map_tools:/opt/ros/humble /usr/bin/cmake --build /home/nam/mybot_navigation2/build/mybot_navigation2 -- -j12 -l12
[0.821s] DEBUG:colcon.colcon_core.event_handler.log_command:Invoking command in '/home/nam/mybot_navigation2/build/mybot_navigation2': CMAKE_PREFIX_PATH=${CMAKE_PREFIX_PATH}:/home/nam/robot_amr/install/mybot_navigation2_py:/home/nam/astra_ws/install/astra_multi_camera:/home/nam/rmf_ws/install/rmf_demos_tasks:/home/nam/rmf_ws/install/rmf_demos_panel:/home/nam/rmf_ws/install/rmf_demos_fleet_adapter:/home/nam/rmf_ws/install/rmf_demos_bridges:/home/nam/rmf_ws/install/rmf_building_map_tools:/opt/ros/humble /usr/bin/cmake --install /home/nam/mybot_navigation2/build/mybot_navigation2
[1.170s] Level 1:colcon.colcon_core.environment:create_environment_scripts_only(mybot_navigation2)
[1.171s] DEBUG:colcon.colcon_core.event_handler.log_command:Invoked command in '/home/nam/mybot_navigation2/build/mybot_navigation2' returned '0': CMAKE_PREFIX_PATH=${CMAKE_PREFIX_PATH}:/home/nam/robot_amr/install/mybot_navigation2_py:/home/nam/astra_ws/install/astra_multi_camera:/home/nam/rmf_ws/install/rmf_demos_tasks:/home/nam/rmf_ws/install/rmf_demos_panel:/home/nam/rmf_ws/install/rmf_demos_fleet_adapter:/home/nam/rmf_ws/install/rmf_demos_bridges:/home/nam/rmf_ws/install/rmf_building_map_tools:/opt/ros/humble /usr/bin/cmake --install /home/nam/mybot_navigation2/build/mybot_navigation2
[1.173s] Level 1:colcon.colcon_core.environment:checking '/home/nam/mybot_navigation2/install/mybot_navigation2' for CMake module files
[1.173s] Level 1:colcon.colcon_core.environment:checking '/home/nam/mybot_navigation2/install/mybot_navigation2' for CMake config files
[1.174s] Level 1:colcon.colcon_core.shell:create_environment_hook('mybot_navigation2', 'cmake_prefix_path')
[1.174s] INFO:colcon.colcon_core.shell:Creating environment hook '/home/nam/mybot_navigation2/install/mybot_navigation2/share/mybot_navigation2/hook/cmake_prefix_path.ps1'
[1.175s] INFO:colcon.colcon_core.shell:Creating environment descriptor '/home/nam/mybot_navigation2/install/mybot_navigation2/share/mybot_navigation2/hook/cmake_prefix_path.dsv'
[1.175s] INFO:colcon.colcon_core.shell:Creating environment hook '/home/nam/mybot_navigation2/install/mybot_navigation2/share/mybot_navigation2/hook/cmake_prefix_path.sh'
[1.176s] Level 1:colcon.colcon_core.environment:checking '/home/nam/mybot_navigation2/install/mybot_navigation2/bin'
[1.176s] Level 1:colcon.colcon_core.environment:checking '/home/nam/mybot_navigation2/install/mybot_navigation2/lib/pkgconfig/mybot_navigation2.pc'
[1.176s] Level 1:colcon.colcon_core.environment:checking '/home/nam/mybot_navigation2/install/mybot_navigation2/lib/python3.10/site-packages'
[1.177s] Level 1:colcon.colcon_core.environment:checking '/home/nam/mybot_navigation2/install/mybot_navigation2/bin'
[1.177s] INFO:colcon.colcon_core.shell:Creating package script '/home/nam/mybot_navigation2/install/mybot_navigation2/share/mybot_navigation2/package.ps1'
[1.177s] INFO:colcon.colcon_core.shell:Creating package descriptor '/home/nam/mybot_navigation2/install/mybot_navigation2/share/mybot_navigation2/package.dsv'
[1.178s] INFO:colcon.colcon_core.shell:Creating package script '/home/nam/mybot_navigation2/install/mybot_navigation2/share/mybot_navigation2/package.sh'
[1.178s] INFO:colcon.colcon_core.shell:Creating package script '/home/nam/mybot_navigation2/install/mybot_navigation2/share/mybot_navigation2/package.bash'
[1.178s] INFO:colcon.colcon_core.shell:Creating package script '/home/nam/mybot_navigation2/install/mybot_navigation2/share/mybot_navigation2/package.zsh'
[1.179s] Level 1:colcon.colcon_core.environment:create_file_with_runtime_dependencies(/home/nam/mybot_navigation2/install/mybot_navigation2/share/colcon-core/packages/mybot_navigation2)
[1.179s] Level 1:colcon.colcon_core.environment:create_environment_scripts_only(mybot_navigation2)
[1.179s] Level 1:colcon.colcon_core.environment:checking '/home/nam/mybot_navigation2/install/mybot_navigation2' for CMake module files
[1.179s] Level 1:colcon.colcon_core.environment:checking '/home/nam/mybot_navigation2/install/mybot_navigation2' for CMake config files
[1.179s] Level 1:colcon.colcon_core.shell:create_environment_hook('mybot_navigation2', 'cmake_prefix_path')
[1.180s] INFO:colcon.colcon_core.shell:Creating environment hook '/home/nam/mybot_navigation2/install/mybot_navigation2/share/mybot_navigation2/hook/cmake_prefix_path.ps1'
[1.180s] INFO:colcon.colcon_core.shell:Creating environment descriptor '/home/nam/mybot_navigation2/install/mybot_navigation2/share/mybot_navigation2/hook/cmake_prefix_path.dsv'
[1.180s] INFO:colcon.colcon_core.shell:Creating environment hook '/home/nam/mybot_navigation2/install/mybot_navigation2/share/mybot_navigation2/hook/cmake_prefix_path.sh'
[1.180s] Level 1:colcon.colcon_core.environment:checking '/home/nam/mybot_navigation2/install/mybot_navigation2/bin'
[1.180s] Level 1:colcon.colcon_core.environment:checking '/home/nam/mybot_navigation2/install/mybot_navigation2/lib/pkgconfig/mybot_navigation2.pc'
[1.180s] Level 1:colcon.colcon_core.environment:checking '/home/nam/mybot_navigation2/install/mybot_navigation2/lib/python3.10/site-packages'
[1.180s] Level 1:colcon.colcon_core.environment:checking '/home/nam/mybot_navigation2/install/mybot_navigation2/bin'
[1.181s] INFO:colcon.colcon_core.shell:Creating package script '/home/nam/mybot_navigation2/install/mybot_navigation2/share/mybot_navigation2/package.ps1'
[1.181s] INFO:colcon.colcon_core.shell:Creating package descriptor '/home/nam/mybot_navigation2/install/mybot_navigation2/share/mybot_navigation2/package.dsv'
[1.181s] INFO:colcon.colcon_core.shell:Creating package script '/home/nam/mybot_navigation2/install/mybot_navigation2/share/mybot_navigation2/package.sh'
[1.181s] INFO:colcon.colcon_core.shell:Creating package script '/home/nam/mybot_navigation2/install/mybot_navigation2/share/mybot_navigation2/package.bash'
[1.182s] INFO:colcon.colcon_core.shell:Creating package script '/home/nam/mybot_navigation2/install/mybot_navigation2/share/mybot_navigation2/package.zsh'
[1.182s] Level 1:colcon.colcon_core.environment:create_file_with_runtime_dependencies(/home/nam/mybot_navigation2/install/mybot_navigation2/share/colcon-core/packages/mybot_navigation2)
[1.182s] DEBUG:colcon.colcon_parallel_executor.executor.parallel:closing loop
[1.182s] DEBUG:colcon.colcon_parallel_executor.executor.parallel:loop closed
[1.182s] DEBUG:colcon.colcon_parallel_executor.executor.parallel:run_until_complete finished with '0'
[1.182s] DEBUG:colcon.colcon_core.event_reactor:joining thread
[1.188s] INFO:colcon.colcon_core.plugin_system:Skipping extension 'colcon_notification.desktop_notification.terminal_notifier': Not used on non-Darwin systems
[1.188s] INFO:colcon.colcon_core.plugin_system:Skipping extension 'colcon_notification.desktop_notification.win32': Not used on non-Windows systems
[1.188s] INFO:colcon.colcon_notification.desktop_notification:Sending desktop notification using 'notify2'
[1.198s] DEBUG:colcon.colcon_core.event_reactor:joined thread
[1.198s] INFO:colcon.colcon_core.shell:Creating prefix script '/home/nam/mybot_navigation2/install/local_setup.ps1'
[1.199s] INFO:colcon.colcon_core.shell:Creating prefix util module '/home/nam/mybot_navigation2/install/_local_setup_util_ps1.py'
[1.200s] INFO:colcon.colcon_core.shell:Creating prefix chain script '/home/nam/mybot_navigation2/install/setup.ps1'
[1.201s] INFO:colcon.colcon_core.shell:Creating prefix script '/home/nam/mybot_navigation2/install/local_setup.sh'
[1.202s] INFO:colcon.colcon_core.shell:Creating prefix util module '/home/nam/mybot_navigation2/install/_local_setup_util_sh.py'
[1.202s] INFO:colcon.colcon_core.shell:Creating prefix chain script '/home/nam/mybot_navigation2/install/setup.sh'
[1.203s] INFO:colcon.colcon_core.shell:Creating prefix script '/home/nam/mybot_navigation2/install/local_setup.bash'
[1.203s] INFO:colcon.colcon_core.shell:Creating prefix chain script '/home/nam/mybot_navigation2/install/setup.bash'
[1.204s] INFO:colcon.colcon_core.shell:Creating prefix script '/home/nam/mybot_navigation2/install/local_setup.zsh'
[1.204s] INFO:colcon.colcon_core.shell:Creating prefix chain script '/home/nam/mybot_navigation2/install/setup.zsh'
